// Jest Snapshot v1, https://goo.gl/fbAQLP

exports[`CompanyList matches snapshot 1`] = `
<DocumentFragment>
  <div
    aria-live="polite"
    class="LoadingSpinner"
  >
    Loading companies...
  </div>
</DocumentFragment>
`;
